  ΓÇó electron-builder  version=26.7.0 os=10.0.26200
  ΓÇó loaded configuration  file=package.json ("build" field)
  ΓÇó executing @electron/rebuild  electronVersion=40.3.0 arch=x64 buildFromSource=false workspaceRoot=D:\ceng\ceng\projeler\accord projectDir=./ appDir=./
  ΓÇó installing native dependencies  arch=x64
  ΓÇó completed installing native dependencies
  ΓÇó packaging       platform=win32 arch=x64 electron=40.3.0 appOutDir=dist\win-unpacked
  ΓÇó searching for node modules  pm=npm searchDir=D:\ceng\ceng\projeler\accord
node.exe : 
(node:7768) 
[DEP0190] 
DeprecationWarning: 
Passing args to a 
child process with 
shell option true 
can lead to security 
vulnerabilities, as 
the arguments are 
not escaped, only 
concatenated.
At line:1 char:1
+ & "C:\Program Files
\nodejs/node.exe" 
"C:\Program 
Files\nodejs/node_mo 
...
+ ~~~~~~~~~~~~~~~~~~~
~~~~~~~~~~~~~~~~~~~~~
~~~~~~~~~~~~~~~~~~~~~
~~~~~~~~
    + CategoryInfo   
           : NotSpe  
  cified: ((node:7   
 768) [DE...y con    
catenated.:Strin    
g) [], RemoteExc    
eption
    + FullyQualified 
   ErrorId : Native  
  CommandError
 
(Use `node 
--trace-deprecation 
...` to show where 
the warning was 
created)
  ΓÇó updating asar integrity executable resource  executablePath=dist\win-unpacked\Accord.exe
  ΓÇó downloading     url=https://github.com/electron-userland/electron-builder-binaries/releases/download/winCodeSign-2.6.0/winCodeSign-2.6.0.7z size=5.6 MB parts=1
  ΓÇó downloaded      url=https://github.com/electron-userland/electron-builder-binaries/releases/download/winCodeSign-2.6.0/winCodeSign-2.6.0.7z duration=582ms
  Γ¿» cannot execute  cause=exit status 2
                    out=
    7-Zip (a) 21.07 (x64) : Copyright (c) 1999-2021 Igor Pavlov : 2021-12-26
    
    Scanning the drive for archives:
    1 file, 5635384 bytes (5504 KiB)
    
    Extracting archive: C:\Users\samet\AppData\Local\electron-builder\Cache\winCodeSign\969063383.7z
    --
    Path = C:\Users\samet\AppData\Local\electron-builder\Cache\winCodeSign\969063383.7z
    Type = 7z
    Physical Size = 5635384
    Headers Size = 1492
    Method = LZMA2:24m LZMA:20 BCJ2
    Solid = +
    Blocks = 2
    
    
    Sub items Errors: 2
    
    Archives with Errors: 1
    
    Sub items Errors: 2
    
                    errorOut=ERROR: Cannot create symbolic link : A required privilege is not held by the client. : C:\Users\samet\AppData\Local\electron-builder\Cache\winCodeSign\969063383\darwin\10.12\lib\libcrypto.dylib
    ERROR: Cannot create symbolic link : A required privilege is not held by the client. : C:\Users\samet\AppData\Local\electron-builder\Cache\winCodeSign\969063383\darwin\10.12\lib\libssl.dylib
    
                    command='D:\ceng\ceng\projeler\accord\node_modules\7zip-bin\win\x64\7za.exe' x -snld -bd 'C:\Users\samet\AppData\Local\electron-builder\Cache\winCodeSign\969063383.7z' '-oC:\Users\samet\AppData\Local\electron-builder\Cache\winCodeSign\969063383'
                    workingDir=C:\Users\samet\AppData\Local\electron-builder\Cache\winCodeSign
  ΓÇó downloading     url=https://github.com/electron-userland/electron-builder-binaries/releases/download/winCodeSign-2.6.0/winCodeSign-2.6.0.7z size=5.6 MB parts=1
  ΓÇó downloaded      url=https://github.com/electron-userland/electron-builder-binaries/releases/download/winCodeSign-2.6.0/winCodeSign-2.6.0.7z duration=2.257s
  Γ¿» cannot execute  cause=exit status 2
                    out=
    7-Zip (a) 21.07 (x64) : Copyright (c) 1999-2021 Igor Pavlov : 2021-12-26
    
    Scanning the drive for archives:
    1 file, 5635384 bytes (5504 KiB)
    
    Extracting archive: C:\Users\samet\AppData\Local\electron-builder\Cache\winCodeSign\580921755.7z
    --
    Path = C:\Users\samet\AppData\Local\electron-builder\Cache\winCodeSign\580921755.7z
    Type = 7z
    Physical Size = 5635384
    Headers Size = 1492
    Method = LZMA2:24m LZMA:20 BCJ2
    Solid = +
    Blocks = 2
    
    
    Sub items Errors: 2
    
    Archives with Errors: 1
    
    Sub items Errors: 2
    
                    errorOut=ERROR: Cannot create symbolic link : A required privilege is not held by the client. : C:\Users\samet\AppData\Local\electron-builder\Cache\winCodeSign\580921755\darwin\10.12\lib\libcrypto.dylib
    ERROR: Cannot create symbolic link : A required privilege is not held by the client. : C:\Users\samet\AppData\Local\electron-builder\Cache\winCodeSign\580921755\darwin\10.12\lib\libssl.dylib
    
                    command='D:\ceng\ceng\projeler\accord\node_modules\7zip-bin\win\x64\7za.exe' x -snld -bd 'C:\Users\samet\AppData\Local\electron-builder\Cache\winCodeSign\580921755.7z' '-oC:\Users\samet\AppData\Local\electron-builder\Cache\winCodeSign\580921755'
                    workingDir=C:\Users\samet\AppData\Local\electron-builder\Cache\winCodeSign
  ΓÇó downloading     url=https://github.com/electron-userland/electron-builder-binaries/releases/download/winCodeSign-2.6.0/winCodeSign-2.6.0.7z size=5.6 MB parts=1
  ΓÇó downloaded      url=https://github.com/electron-userland/electron-builder-binaries/releases/download/winCodeSign-2.6.0/winCodeSign-2.6.0.7z duration=441ms
  Γ¿» cannot execute  cause=exit status 2
                    out=
    7-Zip (a) 21.07 (x64) : Copyright (c) 1999-2021 Igor Pavlov : 2021-12-26
    
    Scanning the drive for archives:
    1 file, 5635384 bytes (5504 KiB)
    
    Extracting archive: C:\Users\samet\AppData\Local\electron-builder\Cache\winCodeSign\971349959.7z
    --
    Path = C:\Users\samet\AppData\Local\electron-builder\Cache\winCodeSign\971349959.7z
    Type = 7z
    Physical Size = 5635384
    Headers Size = 1492
    Method = LZMA2:24m LZMA:20 BCJ2
    Solid = +
    Blocks = 2
    
    
    Sub items Errors: 2
    
    Archives with Errors: 1
    
    Sub items Errors: 2
    
                    errorOut=ERROR: Cannot create symbolic link : A required privilege is not held by the client. : C:\Users\samet\AppData\Local\electron-builder\Cache\winCodeSign\971349959\darwin\10.12\lib\libcrypto.dylib
    ERROR: Cannot create symbolic link : A required privilege is not held by the client. : C:\Users\samet\AppData\Local\electron-builder\Cache\winCodeSign\971349959\darwin\10.12\lib\libssl.dylib
    
                    command='D:\ceng\ceng\projeler\accord\node_modules\7zip-bin\win\x64\7za.exe' x -snld -bd 'C:\Users\samet\AppData\Local\electron-builder\Cache\winCodeSign\971349959.7z' '-oC:\Users\samet\AppData\Local\electron-builder\Cache\winCodeSign\971349959'
                    workingDir=C:\Users\samet\AppData\Local\electron-builder\Cache\winCodeSign
  ΓÇó downloading     url=https://github.com/electron-userland/electron-builder-binaries/releases/download/winCodeSign-2.6.0/winCodeSign-2.6.0.7z size=5.6 MB parts=1
  ΓÇó downloaded      url=https://github.com/electron-userland/electron-builder-binaries/releases/download/winCodeSign-2.6.0/winCodeSign-2.6.0.7z duration=428ms
  Γ¿» cannot execute  cause=exit status 2
                    out=
    7-Zip (a) 21.07 (x64) : Copyright (c) 1999-2021 Igor Pavlov : 2021-12-26
    
    Scanning the drive for archives:
    1 file, 5635384 bytes (5504 KiB)
    
    Extracting archive: C:\Users\samet\AppData\Local\electron-builder\Cache\winCodeSign\858637951.7z
    --
    Path = C:\Users\samet\AppData\Local\electron-builder\Cache\winCodeSign\858637951.7z
    Type = 7z
    Physical Size = 5635384
    Headers Size = 1492
    Method = LZMA2:24m LZMA:20 BCJ2
    Solid = +
    Blocks = 2
    
    
    Sub items Errors: 2
    
    Archives with Errors: 1
    
    Sub items Errors: 2
    
                    errorOut=ERROR: Cannot create symbolic link : A required privilege is not held by the client. : C:\Users\samet\AppData\Local\electron-builder\Cache\winCodeSign\858637951\darwin\10.12\lib\libcrypto.dylib
    ERROR: Cannot create symbolic link : A required privilege is not held by the client. : C:\Users\samet\AppData\Local\electron-builder\Cache\winCodeSign\858637951\darwin\10.12\lib\libssl.dylib
    
                    command='D:\ceng\ceng\projeler\accord\node_modules\7zip-bin\win\x64\7za.exe' x -snld -bd 'C:\Users\samet\AppData\Local\electron-builder\Cache\winCodeSign\858637951.7z' '-oC:\Users\samet\AppData\Local\electron-builder\Cache\winCodeSign\858637951'
                    workingDir=C:\Users\samet\AppData\Local\electron-builder\Cache\winCodeSign
